// Jest Snapshot v1, https://goo.gl/fbAQLP

exports[`Main Package transformer should work with an empty package.json 1`] = `
Object {
  "devDependencies": Object {
    "@commitlint/cli": "^12.1.4",
    "@commitlint/config-conventional": "^12.1.4",
    "conventional-changelog-cli": "^2.1.1",
    "cz-conventional-changelog": "^3.3.0",
    "husky": "^6.0.0",
  },
  "engines": Object {
    "node": ">=14.16.0",
  },
  "license": "SEE LICENSE IN LICENSE.md",
  "metapak": Object {
    "data": Object {
      "files": "lol.js",
    },
  },
  "scripts": Object {
    "changelog": "conventional-changelog -p angular -i CHANGELOG.md -s && git add CHANGELOG.md",
    "checkStaged": "if ! git diff-files --quiet --ignore-submodules ; then echo \\"⚠️ - Unstaged files found:\\"; echo $(git diff-files --shortstat); fi;",
    "cli": "env NODE_ENV=\${NODE_ENV:-cli}",
    "lint": "echo \\"WARNING: No linter configured\\"",
    "pre-commit-lint": "npm run --silent checkStaged",
    "prepare": "husky install",
    "preversion": "npm run lint && npm run metapak -- -s",
    "version": "npm run changelog",
  },
  "version": "0.0.0",
}
`;
