// Jest Snapshot v1, https://goo.gl/fbAQLP

exports[`Tests Package transformer should work with an empty package.json 1`] = `
Object {
  "devDependencies": Object {
    "istanbul": "^0.4.5",
    "jest": "^22.1.4",
    "sinon": "^4.2.2",
  },
  "scripts": Object {
    "cover": "jest --config=.jest.config.js --coverage",
    "preversion": "npm t",
    "test": "jest --config=.jest.config.js",
  },
}
`;
