// Jest Snapshot v1, https://goo.gl/fbAQLP

exports[`Readme Assets transformer for www configs should build the README.md file 1`] = `
Object {
  "data": "<!-- something -->
# module
> A great module!



[//]: # (::contents:start)

## Usage
Just require me


[//]: # (::contents:end)

# License
[MIT](https://github.com/sencrop/module/blob/master/LICENSE.md)
",
  "name": "README.md",
}
`;
