// Jest Snapshot v1, https://goo.gl/fbAQLP

exports[`Main Package transformer should work with an empty package.json 1`] = `
Object {
  "dependencies": Object {},
  "devDependencies": Object {
    "eslint": "3.16.0",
    "eslint-config-simplifield": "4.1.1",
  },
  "metapak": Object {
    "data": Object {
      "files": "lol.js",
    },
  },
  "scripts": Object {
    "lint": "eslint lol.js",
  },
}
`;
