// Jest Snapshot v1, https://goo.gl/fbAQLP

exports[`Main Package transformer should work with an empty package.json 1`] = `
Object {
  "devDependencies": Object {
    "eslint": "^4.19.1",
    "eslint-plugin-prettier": "^2.6.0",
    "prettier": "^1.12.1",
  },
  "metapak": Object {
    "data": Object {
      "files": "lol.js",
    },
  },
  "scripts": Object {
    "lint": "eslint lol.js",
    "prettier": "prettier --write lol.js",
  },
}
`;
